Archive member included to satisfy reference by file (symbol)

/cygdrive/g/Work/Eclipse_CDT_workspace/MyDataStructureAlgorithm/build/release/libcommon.a(module.o)
                              robjs/main.o (module_register)
/cygdrive/g/Work/Eclipse_CDT_workspace/MyDataStructureAlgorithm/build/release/libcommon.a(error.o)
                              /cygdrive/g/Work/Eclipse_CDT_workspace/MyDataStructureAlgorithm/build/release/libcommon.a(module.o) (errstr)
/cygdrive/g/Work/Eclipse_CDT_workspace/MyDataStructureAlgorithm/build/release/libcommon.a(dll.o)
                              /cygdrive/g/Work/Eclipse_CDT_workspace/MyDataStructureAlgorithm/build/release/libcommon.a(module.o) (dll_push_tail)
/usr/lib/gcc/x86_64-pc-cygwin/4.8.3/../../../../lib/libcygwin.a(cygwin_crt0.o)
                              /usr/lib/gcc/x86_64-pc-cygwin/4.8.3/../../../../lib/crt0.o (cygwin_crt0)
/usr/lib/gcc/x86_64-pc-cygwin/4.8.3/../../../../lib/libcygwin.a(premain0.o)
                              /usr/lib/gcc/x86_64-pc-cygwin/4.8.3/../../../../lib/crt0.o (cygwin_premain0)
/usr/lib/gcc/x86_64-pc-cygwin/4.8.3/../../../../lib/libcygwin.a(premain1.o)
                              /usr/lib/gcc/x86_64-pc-cygwin/4.8.3/../../../../lib/crt0.o (cygwin_premain1)
/usr/lib/gcc/x86_64-pc-cygwin/4.8.3/../../../../lib/libcygwin.a(premain2.o)
                              /usr/lib/gcc/x86_64-pc-cygwin/4.8.3/../../../../lib/crt0.o (cygwin_premain2)
/usr/lib/gcc/x86_64-pc-cygwin/4.8.3/../../../../lib/libcygwin.a(premain3.o)
                              /usr/lib/gcc/x86_64-pc-cygwin/4.8.3/../../../../lib/crt0.o (cygwin_premain3)
/usr/lib/gcc/x86_64-pc-cygwin/4.8.3/../../../../lib/libcygwin.a(t-d000141.o)
                              /usr/lib/gcc/x86_64-pc-cygwin/4.8.3/crtbegin.o (atexit)
/usr/lib/gcc/x86_64-pc-cygwin/4.8.3/../../../../lib/libcygwin.a(t-d000031.o)
                              robjs/main.o (__main)
/usr/lib/gcc/x86_64-pc-cygwin/4.8.3/../../../../lib/libcygwin.a(t-d000917.o)
                              robjs/main.o (puts)
/usr/lib/gcc/x86_64-pc-cygwin/4.8.3/../../../../lib/libcygwin.a(t-d001254.o)
                              robjs/main.o (vprintf)
/usr/lib/gcc/x86_64-pc-cygwin/4.8.3/../../../../lib/libcygwin.a(d000073.o)
                              /usr/lib/gcc/x86_64-pc-cygwin/4.8.3/../../../../lib/libcygwin.a(cygwin_crt0.o) (__imp__dll_crt0)
/usr/lib/gcc/x86_64-pc-cygwin/4.8.3/../../../../lib/libcygwin.a(_cygwin_crt0_common.o)
                              /usr/lib/gcc/x86_64-pc-cygwin/4.8.3/../../../../lib/libcygwin.a(cygwin_crt0.o) (_cygwin_crt0_common)
/usr/lib/gcc/x86_64-pc-cygwin/4.8.3/../../../../lib/libcygwin.a(d000141.o)
                              /usr/lib/gcc/x86_64-pc-cygwin/4.8.3/../../../../lib/libcygwin.a(t-d000141.o) (__imp_atexit)
/usr/lib/gcc/x86_64-pc-cygwin/4.8.3/../../../../lib/libcygwin.a(d000031.o)
                              /usr/lib/gcc/x86_64-pc-cygwin/4.8.3/../../../../lib/libcygwin.a(t-d000031.o) (__imp___main)
/usr/lib/gcc/x86_64-pc-cygwin/4.8.3/../../../../lib/libcygwin.a(d000917.o)
                              /usr/lib/gcc/x86_64-pc-cygwin/4.8.3/../../../../lib/libcygwin.a(t-d000917.o) (__imp_puts)
/usr/lib/gcc/x86_64-pc-cygwin/4.8.3/../../../../lib/libcygwin.a(d001254.o)
                              /usr/lib/gcc/x86_64-pc-cygwin/4.8.3/../../../../lib/libcygwin.a(t-d001254.o) (__imp_vprintf)
/usr/lib/gcc/x86_64-pc-cygwin/4.8.3/../../../../lib/libcygwin.a(d000000.o)
                              /usr/lib/gcc/x86_64-pc-cygwin/4.8.3/../../../../lib/libcygwin.a(d000073.o) (_head_cygwin1_dll)
/usr/lib/gcc/x86_64-pc-cygwin/4.8.3/../../../../lib/libcygwin.a(d000078.o)
                              /usr/lib/gcc/x86_64-pc-cygwin/4.8.3/../../../../lib/libcygwin.a(_cygwin_crt0_common.o) (__imp__impure_ptr)
/usr/lib/gcc/x86_64-pc-cygwin/4.8.3/../../../../lib/libcygwin.a(dll_entry.o)
                              /usr/lib/gcc/x86_64-pc-cygwin/4.8.3/../../../../lib/libcygwin.a(_cygwin_crt0_common.o) (__dynamically_loaded)
/usr/lib/gcc/x86_64-pc-cygwin/4.8.3/../../../../lib/libcygwin.a(t-d000248.o)
                              /usr/lib/gcc/x86_64-pc-cygwin/4.8.3/../../../../lib/libcygwin.a(_cygwin_crt0_common.o) (cygwin_internal)
/usr/lib/gcc/x86_64-pc-cygwin/4.8.3/../../../../lib/libcygwin.a(t-d000406.o)
                              /usr/lib/gcc/x86_64-pc-cygwin/4.8.3/../../../../lib/libcygwin.a(_cygwin_crt0_common.o) (free)
/usr/lib/gcc/x86_64-pc-cygwin/4.8.3/../../../../lib/libcygwin.a(t-d000682.o)
                              /usr/lib/gcc/x86_64-pc-cygwin/4.8.3/../../../../lib/libcygwin.a(_cygwin_crt0_common.o) (malloc)
/usr/lib/gcc/x86_64-pc-cygwin/4.8.3/../../../../lib/libcygwin.a(t-d000780.o)
                              /usr/lib/gcc/x86_64-pc-cygwin/4.8.3/../../../../lib/libcygwin.a(_cygwin_crt0_common.o) (posix_memalign)
/usr/lib/gcc/x86_64-pc-cygwin/4.8.3/../../../../lib/libcygwin.a(t-d000162.o)
                              /usr/lib/gcc/x86_64-pc-cygwin/4.8.3/../../../../lib/libcygwin.a(_cygwin_crt0_common.o) (calloc)
/usr/lib/gcc/x86_64-pc-cygwin/4.8.3/../../../../lib/libcygwin.a(t-d000938.o)
                              /usr/lib/gcc/x86_64-pc-cygwin/4.8.3/../../../../lib/libcygwin.a(_cygwin_crt0_common.o) (realloc)
/usr/lib/gcc/x86_64-pc-cygwin/4.8.3/../../../../lib/libcygwin.a(pseudo-reloc-dummy.o)
                              /usr/lib/gcc/x86_64-pc-cygwin/4.8.3/../../../../lib/libcygwin.a(_cygwin_crt0_common.o) (_pei386_runtime_relocator)
/usr/lib/gcc/x86_64-pc-cygwin/4.8.3/../../../../lib/libcygwin.a(d001379.o)
                              /usr/lib/gcc/x86_64-pc-cygwin/4.8.3/../../../../lib/libcygwin.a(d000000.o) (cygwin1_dll_iname)
/usr/lib/gcc/x86_64-pc-cygwin/4.8.3/../../../../lib/libcygwin.a(dll_main.o)
                              /usr/lib/gcc/x86_64-pc-cygwin/4.8.3/../../../../lib/libcygwin.a(dll_entry.o) (DllMain)
/usr/lib/gcc/x86_64-pc-cygwin/4.8.3/../../../../lib/libcygwin.a(t-d000246.o)
                              /usr/lib/gcc/x86_64-pc-cygwin/4.8.3/../../../../lib/libcygwin.a(dll_entry.o) (cygwin_detach_dll)
/usr/lib/gcc/x86_64-pc-cygwin/4.8.3/../../../../lib/libcygwin.a(cygwin_attach_dll.o)
                              /usr/lib/gcc/x86_64-pc-cygwin/4.8.3/../../../../lib/libcygwin.a(dll_entry.o) (cygwin_attach_dll)
/usr/lib/gcc/x86_64-pc-cygwin/4.8.3/../../../../lib/libcygwin.a(d000248.o)
                              /usr/lib/gcc/x86_64-pc-cygwin/4.8.3/../../../../lib/libcygwin.a(t-d000248.o) (__imp_cygwin_internal)
/usr/lib/gcc/x86_64-pc-cygwin/4.8.3/../../../../lib/libcygwin.a(d000406.o)
                              /usr/lib/gcc/x86_64-pc-cygwin/4.8.3/../../../../lib/libcygwin.a(t-d000406.o) (__imp_free)
/usr/lib/gcc/x86_64-pc-cygwin/4.8.3/../../../../lib/libcygwin.a(d000682.o)
                              /usr/lib/gcc/x86_64-pc-cygwin/4.8.3/../../../../lib/libcygwin.a(t-d000682.o) (__imp_malloc)
/usr/lib/gcc/x86_64-pc-cygwin/4.8.3/../../../../lib/libcygwin.a(d000780.o)
                              /usr/lib/gcc/x86_64-pc-cygwin/4.8.3/../../../../lib/libcygwin.a(t-d000780.o) (__imp_posix_memalign)
/usr/lib/gcc/x86_64-pc-cygwin/4.8.3/../../../../lib/libcygwin.a(d000162.o)
                              /usr/lib/gcc/x86_64-pc-cygwin/4.8.3/../../../../lib/libcygwin.a(t-d000162.o) (__imp_calloc)
/usr/lib/gcc/x86_64-pc-cygwin/4.8.3/../../../../lib/libcygwin.a(d000938.o)
                              /usr/lib/gcc/x86_64-pc-cygwin/4.8.3/../../../../lib/libcygwin.a(t-d000938.o) (__imp_realloc)
/usr/lib/gcc/x86_64-pc-cygwin/4.8.3/../../../../lib/libcygwin.a(d000246.o)
                              /usr/lib/gcc/x86_64-pc-cygwin/4.8.3/../../../../lib/libcygwin.a(t-d000246.o) (__imp_cygwin_detach_dll)
/usr/lib/gcc/x86_64-pc-cygwin/4.8.3/../../../../lib/libcygwin.a(t-d000265.o)
                              /usr/lib/gcc/x86_64-pc-cygwin/4.8.3/../../../../lib/libcygwin.a(cygwin_attach_dll.o) (dll_dllcrt0)
/usr/lib/gcc/x86_64-pc-cygwin/4.8.3/../../../../lib/libcygwin.a(d000265.o)
                              /usr/lib/gcc/x86_64-pc-cygwin/4.8.3/../../../../lib/libcygwin.a(t-d000265.o) (__imp_dll_dllcrt0)
/usr/lib/w32api/libkernel32.a(dolks00548.o)
                              /usr/lib/gcc/x86_64-pc-cygwin/4.8.3/../../../../lib/libcygwin.a(_cygwin_crt0_common.o) (GetModuleHandleA)
/usr/lib/w32api/libkernel32.a(dolks00598.o)
                              /usr/lib/gcc/x86_64-pc-cygwin/4.8.3/crtbegin.o (__imp_GetProcAddress)
/usr/lib/w32api/libkernel32.a(dolkh.o)
                              /usr/lib/w32api/libkernel32.a(dolks00548.o) (_head_lib64_libkernel32_a)
/usr/lib/w32api/libkernel32.a(dolkt.o)
                              /usr/lib/w32api/libkernel32.a(dolkh.o) (__lib64_libkernel32_a_iname)
/usr/lib/gcc/x86_64-pc-cygwin/4.8.3/libgcc.a(_ctors.o)
                              /usr/lib/gcc/x86_64-pc-cygwin/4.8.3/../../../../lib/libcygwin.a(_cygwin_crt0_common.o) (__DTOR_LIST__)

Allocating common symbols
Common symbol       size              file

__CTOR_LIST__       0x10              /usr/lib/gcc/x86_64-pc-cygwin/4.8.3/libgcc.a(_ctors.o)
__DTOR_LIST__       0x10              /usr/lib/gcc/x86_64-pc-cygwin/4.8.3/libgcc.a(_ctors.o)

Discarded input sections

 .drectve       0x0000000000000000       0x3c /usr/lib/gcc/x86_64-pc-cygwin/4.8.3/libgcc.a(_ctors.o)

Memory Configuration

Name             Origin             Length             Attributes
*default*        0x0000000000000000 0xffffffffffffffff

Linker script and memory map

                0x0000000100400000                __image_base__ = 0x100400000
                0x0000000000000000                __dll__ = 0x0
                0x0000000100400000                __ImageBase = 0x100400000
                0x0000000000001000                __section_alignment__ = 0x1000
                0x0000000000000200                __file_alignment__ = 0x200
                0x0000000000000004                __major_os_version__ = 0x4
                0x0000000000000000                __minor_os_version__ = 0x0
                0x0000000000000000                __major_image_version__ = 0x0
                0x0000000000000000                __minor_image_version__ = 0x0
                0x0000000000000005                __major_subsystem_version__ = 0x5
                0x0000000000000002                __minor_subsystem_version__ = 0x2
                0x0000000000000003                __subsystem__ = 0x3
                0x0000000000200000                __size_of_stack_reserve__ = 0x200000
                0x0000000000001000                __size_of_stack_commit__ = 0x1000
                0x0000000000100000                __size_of_heap_reserve__ = 0x100000
                0x0000000000001000                __size_of_heap_commit__ = 0x1000
                0x0000000000000000                __loader_flags__ = 0x0
                0x0000000000008000                __dll_characteristics__ = 0x8000
LOAD /usr/lib/gcc/x86_64-pc-cygwin/4.8.3/../../../../lib/crt0.o
LOAD /usr/lib/gcc/x86_64-pc-cygwin/4.8.3/crtbegin.o
LOAD robjs/main.o
LOAD /cygdrive/g/Work/Eclipse_CDT_workspace/MyDataStructureAlgorithm/build/release/libcommon.a
LOAD /usr/lib/gcc/x86_64-pc-cygwin/4.8.3/libgcc_s.dll.a
LOAD /usr/lib/gcc/x86_64-pc-cygwin/4.8.3/libgcc.a
LOAD /usr/lib/gcc/x86_64-pc-cygwin/4.8.3/../../../../lib/libcygwin.a
LOAD /usr/lib/w32api/libadvapi32.a
LOAD /usr/lib/w32api/libshell32.a
LOAD /usr/lib/w32api/libuser32.a
LOAD /usr/lib/w32api/libkernel32.a
LOAD /usr/lib/gcc/x86_64-pc-cygwin/4.8.3/libgcc_s.dll.a
LOAD /usr/lib/gcc/x86_64-pc-cygwin/4.8.3/libgcc.a
LOAD /usr/lib/gcc/x86_64-pc-cygwin/4.8.3/../../../../lib/default-manifest.o
LOAD /usr/lib/gcc/x86_64-pc-cygwin/4.8.3/crtend.o
                0x0000000000000458                . = SIZEOF_HEADERS
                0x0000000000001000                . = ALIGN (__section_alignment__)

.text           0x0000000100401000     0x1200
 *(.init)
 *(.text)
 .text          0x0000000100401000       0x50 /usr/lib/gcc/x86_64-pc-cygwin/4.8.3/../../../../lib/crt0.o
                0x0000000100401000                WinMainCRTStartup
                0x0000000100401000                mainCRTStartup
 .text          0x0000000100401050       0x80 /usr/lib/gcc/x86_64-pc-cygwin/4.8.3/crtbegin.o
                0x0000000100401050                .weak._Jv_RegisterClasses.__dso_handle
                0x0000000100401060                __gcc_register_frame
                0x00000001004010c0                __gcc_deregister_frame
 .text          0x00000001004010d0      0x160 robjs/main.o
                0x00000001004010d0                module_timer
                0x0000000100401140                module_memory
                0x00000001004011b0                module_registration_entry
                0x0000000100401200                console_print
 .text          0x0000000100401230      0x310 /cygdrive/g/Work/Eclipse_CDT_workspace/MyDataStructureAlgorithm/build/release/libcommon.a(module.o)
                0x0000000100401330                module_register
                0x00000001004013b0                system_up
                0x0000000100401490                system_down
                0x0000000100401530                system_state
 .text          0x0000000100401540      0x1a0 /cygdrive/g/Work/Eclipse_CDT_workspace/MyDataStructureAlgorithm/build/release/libcommon.a(error.o)
                0x0000000100401540                errstr_MODULE_MODULE_init
                0x00000001004015d0                errstr
 .text          0x00000001004016e0      0x3c0 /cygdrive/g/Work/Eclipse_CDT_workspace/MyDataStructureAlgorithm/build/release/libcommon.a(dll.o)
                0x00000001004016e0                dll_insert_before
                0x0000000100401720                dll_insert_after
                0x0000000100401760                dll_push_head
                0x00000001004017a0                dll_push_tail
                0x00000001004017e0                dll_pop_head
                0x0000000100401820                dll_pop_tail
                0x0000000100401860                dll_remove
                0x00000001004018a0                dll_traverse
                0x00000001004018f0                dll_traverse_reversely
                0x0000000100401940                dll_merge
                0x00000001004019a0                dll_split
 .text          0x0000000100401aa0       0x20 /usr/lib/gcc/x86_64-pc-cygwin/4.8.3/../../../../lib/libcygwin.a(cygwin_crt0.o)
                0x0000000100401aa0                cygwin_crt0
 .text          0x0000000100401ac0       0x10 /usr/lib/gcc/x86_64-pc-cygwin/4.8.3/../../../../lib/libcygwin.a(premain0.o)
                0x0000000100401ac0                cygwin_premain0
 .text          0x0000000100401ad0       0x10 /usr/lib/gcc/x86_64-pc-cygwin/4.8.3/../../../../lib/libcygwin.a(premain1.o)
                0x0000000100401ad0                cygwin_premain1
 .text          0x0000000100401ae0       0x10 /usr/lib/gcc/x86_64-pc-cygwin/4.8.3/../../../../lib/libcygwin.a(premain2.o)
                0x0000000100401ae0                cygwin_premain2
 .text          0x0000000100401af0       0x10 /usr/lib/gcc/x86_64-pc-cygwin/4.8.3/../../../../lib/libcygwin.a(premain3.o)
                0x0000000100401af0                cygwin_premain3
 .text          0x0000000100401b00       0x10 /usr/lib/gcc/x86_64-pc-cygwin/4.8.3/../../../../lib/libcygwin.a(t-d000141.o)
                0x0000000100401b00                atexit
 .text          0x0000000100401b10       0x10 /usr/lib/gcc/x86_64-pc-cygwin/4.8.3/../../../../lib/libcygwin.a(t-d000031.o)
                0x0000000100401b10                __main
 .text          0x0000000100401b20       0x10 /usr/lib/gcc/x86_64-pc-cygwin/4.8.3/../../../../lib/libcygwin.a(t-d000917.o)
                0x0000000100401b20                puts
 .text          0x0000000100401b30       0x10 /usr/lib/gcc/x86_64-pc-cygwin/4.8.3/../../../../lib/libcygwin.a(t-d001254.o)
                0x0000000100401b30                vprintf
 .text          0x0000000100401b40      0x3e0 /usr/lib/gcc/x86_64-pc-cygwin/4.8.3/../../../../lib/libcygwin.a(_cygwin_crt0_common.o)
                0x0000000100401b40                _cygwin_crt0_common
 .text          0x0000000100401f20        0x0 /usr/lib/gcc/x86_64-pc-cygwin/4.8.3/../../../../lib/libcygwin.a(d000078.o)
 .text          0x0000000100401f20       0xf0 /usr/lib/gcc/x86_64-pc-cygwin/4.8.3/../../../../lib/libcygwin.a(dll_entry.o)
                0x0000000100401f40                _cygwin_dll_entry
                0x0000000100402000                _cygwin_noncygwin_dll_entry
 .text          0x0000000100402010       0x10 /usr/lib/gcc/x86_64-pc-cygwin/4.8.3/../../../../lib/libcygwin.a(t-d000248.o)
                0x0000000100402010                cygwin_internal
 .text          0x0000000100402020       0x10 /usr/lib/gcc/x86_64-pc-cygwin/4.8.3/../../../../lib/libcygwin.a(t-d000406.o)
                0x0000000100402020                free
 .text          0x0000000100402030       0x10 /usr/lib/gcc/x86_64-pc-cygwin/4.8.3/../../../../lib/libcygwin.a(t-d000682.o)
                0x0000000100402030                malloc
 .text          0x0000000100402040       0x10 /usr/lib/gcc/x86_64-pc-cygwin/4.8.3/../../../../lib/libcygwin.a(t-d000780.o)
                0x0000000100402040                posix_memalign
 .text          0x0000000100402050       0x10 /usr/lib/gcc/x86_64-pc-cygwin/4.8.3/../../../../lib/libcygwin.a(t-d000162.o)
                0x0000000100402050                calloc
 .text          0x0000000100402060       0x10 /usr/lib/gcc/x86_64-pc-cygwin/4.8.3/../../../../lib/libcygwin.a(t-d000938.o)
                0x0000000100402060                realloc
 .text          0x0000000100402070       0x10 /usr/lib/gcc/x86_64-pc-cygwin/4.8.3/../../../../lib/libcygwin.a(pseudo-reloc-dummy.o)
                0x0000000100402070                _pei386_runtime_relocator
 .text          0x0000000100402080       0x10 /usr/lib/gcc/x86_64-pc-cygwin/4.8.3/../../../../lib/libcygwin.a(dll_main.o)
                0x0000000100402080                DllMain
 .text          0x0000000100402090       0x10 /usr/lib/gcc/x86_64-pc-cygwin/4.8.3/../../../../lib/libcygwin.a(t-d000246.o)
                0x0000000100402090                cygwin_detach_dll
 .text          0x00000001004020a0       0x30 /usr/lib/gcc/x86_64-pc-cygwin/4.8.3/../../../../lib/libcygwin.a(cygwin_attach_dll.o)
                0x00000001004020a0                cygwin_attach_dll
 .text          0x00000001004020d0       0x10 /usr/lib/gcc/x86_64-pc-cygwin/4.8.3/../../../../lib/libcygwin.a(t-d000265.o)
                0x00000001004020d0                dll_dllcrt0
 .text          0x00000001004020e0        0x8 /usr/lib/w32api/libkernel32.a(dolks00548.o)
                0x00000001004020e0                GetModuleHandleA
 .text          0x00000001004020e8        0x8 /usr/lib/w32api/libkernel32.a(dolks00598.o)
                0x00000001004020e8                GetProcAddress
 .text          0x00000001004020f0        0x0 /usr/lib/w32api/libkernel32.a(dolkh.o)
 .text          0x00000001004020f0        0x0 /usr/lib/w32api/libkernel32.a(dolkt.o)
 .text          0x00000001004020f0        0x0 /usr/lib/gcc/x86_64-pc-cygwin/4.8.3/libgcc.a(_ctors.o)
 .text          0x00000001004020f0        0x0 /usr/lib/gcc/x86_64-pc-cygwin/4.8.3/crtend.o
 *(SORT(.text$*))
 *(.text.*)
 .text.startup  0x00000001004020f0       0x50 robjs/main.o
                0x00000001004020f0                main
 .text.startup  0x0000000100402140       0x10 /usr/lib/gcc/x86_64-pc-cygwin/4.8.3/crtend.o
 *(.gnu.linkonce.t.*)
 *(.glue_7t)
 *(.glue_7)
                0x0000000100402150                . = ALIGN (0x8)
                0x0000000100402150                ___CTOR_LIST__ = .
                0x0000000100402150                __CTOR_LIST__ = .
                0x0000000100402150        0x4 LONG 0xffffffffffffffff
                0x0000000100402154        0x4 LONG 0xffffffffffffffff
 *(.ctors)
 *(.ctor)
 *(SORT(.ctors.*))
 .ctors.65535   0x0000000100402158        0x8 /usr/lib/gcc/x86_64-pc-cygwin/4.8.3/crtend.o
                0x0000000100402160        0x4 LONG 0x0
                0x0000000100402164        0x4 LONG 0x0
                0x0000000100402168                ___DTOR_LIST__ = .
                0x0000000100402168                __DTOR_LIST__ = .
                0x0000000100402168        0x4 LONG 0xffffffffffffffff
                0x000000010040216c        0x4 LONG 0xffffffffffffffff
 *(.dtors)
 *(.dtor)
 *(SORT(.dtors.*))
                0x0000000100402170        0x4 LONG 0x0
                0x0000000100402174        0x4 LONG 0x0
 *(.fini)
 *(.gcc_exc)
                0x0000000100402178                PROVIDE (etext, .)
 *(.gcc_except_table)

.data           0x0000000100403000      0x200
                0x0000000100403000                __data_start__ = .
 *(.data)
 .data          0x0000000100403000        0x0 /usr/lib/gcc/x86_64-pc-cygwin/4.8.3/../../../../lib/crt0.o
 .data          0x0000000100403000       0x10 /usr/lib/gcc/x86_64-pc-cygwin/4.8.3/crtbegin.o
                0x0000000100403000                __dso_handle
 .data          0x0000000100403010        0x0 robjs/main.o
 .data          0x0000000100403010        0x0 /cygdrive/g/Work/Eclipse_CDT_workspace/MyDataStructureAlgorithm/build/release/libcommon.a(module.o)
 .data          0x0000000100403010        0x0 /cygdrive/g/Work/Eclipse_CDT_workspace/MyDataStructureAlgorithm/build/release/libcommon.a(error.o)
 .data          0x0000000100403010        0x0 /cygdrive/g/Work/Eclipse_CDT_workspace/MyDataStructureAlgorithm/build/release/libcommon.a(dll.o)
 .data          0x0000000100403010        0x0 /usr/lib/gcc/x86_64-pc-cygwin/4.8.3/../../../../lib/libcygwin.a(cygwin_crt0.o)
 .data          0x0000000100403010        0x0 /usr/lib/gcc/x86_64-pc-cygwin/4.8.3/../../../../lib/libcygwin.a(premain0.o)
 .data          0x0000000100403010        0x0 /usr/lib/gcc/x86_64-pc-cygwin/4.8.3/../../../../lib/libcygwin.a(premain1.o)
 .data          0x0000000100403010        0x0 /usr/lib/gcc/x86_64-pc-cygwin/4.8.3/../../../../lib/libcygwin.a(premain2.o)
 .data          0x0000000100403010        0x0 /usr/lib/gcc/x86_64-pc-cygwin/4.8.3/../../../../lib/libcygwin.a(premain3.o)
 *fill*         0x0000000100403010       0x10 
 .data          0x0000000100403020       0x40 /usr/lib/gcc/x86_64-pc-cygwin/4.8.3/../../../../lib/libcygwin.a(_cygwin_crt0_common.o)
                0x0000000100403020                __cygwin_cxx_malloc
 .data          0x0000000100403060        0x0 /usr/lib/gcc/x86_64-pc-cygwin/4.8.3/../../../../lib/libcygwin.a(dll_entry.o)
 .data          0x0000000100403060        0x0 /usr/lib/gcc/x86_64-pc-cygwin/4.8.3/../../../../lib/libcygwin.a(pseudo-reloc-dummy.o)
 .data          0x0000000100403060        0x0 /usr/lib/gcc/x86_64-pc-cygwin/4.8.3/../../../../lib/libcygwin.a(dll_main.o)
 .data          0x0000000100403060        0x0 /usr/lib/gcc/x86_64-pc-cygwin/4.8.3/../../../../lib/libcygwin.a(cygwin_attach_dll.o)
 .data          0x0000000100403060        0x0 /usr/lib/w32api/libkernel32.a(dolks00548.o)
 .data          0x0000000100403060        0x0 /usr/lib/w32api/libkernel32.a(dolks00598.o)
 .data          0x0000000100403060        0x0 /usr/lib/w32api/libkernel32.a(dolkh.o)
 .data          0x0000000100403060        0x0 /usr/lib/w32api/libkernel32.a(dolkt.o)
 .data          0x0000000100403060        0x0 /usr/lib/gcc/x86_64-pc-cygwin/4.8.3/libgcc.a(_ctors.o)
 .data          0x0000000100403060        0x0 /usr/lib/gcc/x86_64-pc-cygwin/4.8.3/crtend.o
 *(.data2)
 *(SORT(.data$*))
 *(.jcr)
 .jcr           0x0000000100403060        0x0 /usr/lib/gcc/x86_64-pc-cygwin/4.8.3/crtbegin.o
 .jcr           0x0000000100403060        0x8 /usr/lib/gcc/x86_64-pc-cygwin/4.8.3/crtend.o
                0x0000000100403068                __data_end__ = .
 *(.data_cygwin_nocopy)

.rdata          0x0000000100404000      0x800
 *(.rdata)
 .rdata         0x0000000100404000       0x30 /usr/lib/gcc/x86_64-pc-cygwin/4.8.3/crtbegin.o
 .rdata         0x0000000100404030      0x170 robjs/main.o
 .rdata         0x00000001004041a0       0xa0 /cygdrive/g/Work/Eclipse_CDT_workspace/MyDataStructureAlgorithm/build/release/libcommon.a(module.o)
 .rdata         0x0000000100404240      0x140 /cygdrive/g/Work/Eclipse_CDT_workspace/MyDataStructureAlgorithm/build/release/libcommon.a(error.o)
 *(SORT(.rdata$*))
 .rdata$zzz     0x0000000100404380       0x40 /usr/lib/gcc/x86_64-pc-cygwin/4.8.3/../../../../lib/crt0.o
 .rdata$zzz     0x00000001004043c0       0x20 /usr/lib/gcc/x86_64-pc-cygwin/4.8.3/crtbegin.o
 .rdata$zzz     0x00000001004043e0       0x20 robjs/main.o
 .rdata$zzz     0x0000000100404400       0x20 /cygdrive/g/Work/Eclipse_CDT_workspace/MyDataStructureAlgorithm/build/release/libcommon.a(module.o)
 .rdata$zzz     0x0000000100404420       0x20 /cygdrive/g/Work/Eclipse_CDT_workspace/MyDataStructureAlgorithm/build/release/libcommon.a(error.o)
 .rdata$zzz     0x0000000100404440       0x20 /cygdrive/g/Work/Eclipse_CDT_workspace/MyDataStructureAlgorithm/build/release/libcommon.a(dll.o)
 .rdata$zzz     0x0000000100404460       0x40 /usr/lib/gcc/x86_64-pc-cygwin/4.8.3/../../../../lib/libcygwin.a(cygwin_crt0.o)
 .rdata$zzz     0x00000001004044a0       0x40 /usr/lib/gcc/x86_64-pc-cygwin/4.8.3/../../../../lib/libcygwin.a(premain0.o)
 .rdata$zzz     0x00000001004044e0       0x40 /usr/lib/gcc/x86_64-pc-cygwin/4.8.3/../../../../lib/libcygwin.a(premain1.o)
 .rdata$zzz     0x0000000100404520       0x40 /usr/lib/gcc/x86_64-pc-cygwin/4.8.3/../../../../lib/libcygwin.a(premain2.o)
 .rdata$zzz     0x0000000100404560       0x40 /usr/lib/gcc/x86_64-pc-cygwin/4.8.3/../../../../lib/libcygwin.a(premain3.o)
 .rdata$zzz     0x00000001004045a0       0x40 /usr/lib/gcc/x86_64-pc-cygwin/4.8.3/../../../../lib/libcygwin.a(_cygwin_crt0_common.o)
 .rdata$zzz     0x00000001004045e0       0x40 /usr/lib/gcc/x86_64-pc-cygwin/4.8.3/../../../../lib/libcygwin.a(dll_entry.o)
 .rdata$zzz     0x0000000100404620       0x40 /usr/lib/gcc/x86_64-pc-cygwin/4.8.3/../../../../lib/libcygwin.a(pseudo-reloc-dummy.o)
 .rdata$zzz     0x0000000100404660       0x40 /usr/lib/gcc/x86_64-pc-cygwin/4.8.3/../../../../lib/libcygwin.a(dll_main.o)
 .rdata$zzz     0x00000001004046a0       0x40 /usr/lib/gcc/x86_64-pc-cygwin/4.8.3/../../../../lib/libcygwin.a(cygwin_attach_dll.o)
 .rdata$zzz     0x00000001004046e0       0x20 /usr/lib/gcc/x86_64-pc-cygwin/4.8.3/libgcc.a(_ctors.o)
 .rdata$zzz     0x0000000100404700       0x20 /usr/lib/gcc/x86_64-pc-cygwin/4.8.3/crtend.o
                0x0000000100404720                __rt_psrelocs_start = .
 *(.rdata_runtime_pseudo_reloc)
                0x0000000100404720                __rt_psrelocs_end = .
                0x0000000000000000                __rt_psrelocs_size = (__rt_psrelocs_end - __rt_psrelocs_start)
                0x0000000100404720                ___RUNTIME_PSEUDO_RELOC_LIST_END__ = .
                0x0000000100404720                __RUNTIME_PSEUDO_RELOC_LIST_END__ = .
                0x0000000100404720                ___RUNTIME_PSEUDO_RELOC_LIST__ = (. - __rt_psrelocs_size)
                0x0000000100404720                __RUNTIME_PSEUDO_RELOC_LIST__ = (. - __rt_psrelocs_size)

.build-id       0x0000000100405000      0x200
 .build-id      0x0000000100405000       0x35 /usr/lib/gcc/x86_64-pc-cygwin/4.8.3/../../../../lib/crt0.o

.eh_frame
 *(.eh_frame*)

.pdata          0x0000000100406000      0x400
 *(.pdata*)
 .pdata         0x0000000100406000        0xc /usr/lib/gcc/x86_64-pc-cygwin/4.8.3/../../../../lib/crt0.o
 .pdata         0x000000010040600c       0x24 /usr/lib/gcc/x86_64-pc-cygwin/4.8.3/crtbegin.o
 .pdata         0x0000000100406030       0x30 robjs/main.o
 .pdata.startup
                0x0000000100406060        0xc robjs/main.o
 .pdata         0x000000010040606c       0x60 /cygdrive/g/Work/Eclipse_CDT_workspace/MyDataStructureAlgorithm/build/release/libcommon.a(module.o)
 .pdata         0x00000001004060cc       0x18 /cygdrive/g/Work/Eclipse_CDT_workspace/MyDataStructureAlgorithm/build/release/libcommon.a(error.o)
 .pdata         0x00000001004060e4       0x84 /cygdrive/g/Work/Eclipse_CDT_workspace/MyDataStructureAlgorithm/build/release/libcommon.a(dll.o)
 .pdata         0x0000000100406168        0xc /usr/lib/gcc/x86_64-pc-cygwin/4.8.3/../../../../lib/libcygwin.a(cygwin_crt0.o)
 .pdata         0x0000000100406174        0xc /usr/lib/gcc/x86_64-pc-cygwin/4.8.3/../../../../lib/libcygwin.a(premain0.o)
 .pdata         0x0000000100406180        0xc /usr/lib/gcc/x86_64-pc-cygwin/4.8.3/../../../../lib/libcygwin.a(premain1.o)
 .pdata         0x000000010040618c        0xc /usr/lib/gcc/x86_64-pc-cygwin/4.8.3/../../../../lib/libcygwin.a(premain2.o)
 .pdata         0x0000000100406198        0xc /usr/lib/gcc/x86_64-pc-cygwin/4.8.3/../../../../lib/libcygwin.a(premain3.o)
 .pdata         0x00000001004061a4        0xc /usr/lib/gcc/x86_64-pc-cygwin/4.8.3/../../../../lib/libcygwin.a(_cygwin_crt0_common.o)
 .pdata         0x00000001004061b0       0x24 /usr/lib/gcc/x86_64-pc-cygwin/4.8.3/../../../../lib/libcygwin.a(dll_entry.o)
 .pdata         0x00000001004061d4        0xc /usr/lib/gcc/x86_64-pc-cygwin/4.8.3/../../../../lib/libcygwin.a(pseudo-reloc-dummy.o)
 .pdata         0x00000001004061e0        0xc /usr/lib/gcc/x86_64-pc-cygwin/4.8.3/../../../../lib/libcygwin.a(dll_main.o)
 .pdata         0x00000001004061ec        0xc /usr/lib/gcc/x86_64-pc-cygwin/4.8.3/../../../../lib/libcygwin.a(cygwin_attach_dll.o)
 .pdata.startup
                0x00000001004061f8        0xc /usr/lib/gcc/x86_64-pc-cygwin/4.8.3/crtend.o

.xdata          0x0000000100407000      0x200
 *(.xdata*)
 .xdata         0x0000000100407000        0x8 /usr/lib/gcc/x86_64-pc-cygwin/4.8.3/../../../../lib/crt0.o
 .xdata         0x0000000100407008       0x1c /usr/lib/gcc/x86_64-pc-cygwin/4.8.3/crtbegin.o
 .xdata         0x0000000100407024       0x20 robjs/main.o
 .xdata.startup
                0x0000000100407044        0x8 robjs/main.o
 .xdata         0x000000010040704c       0x44 /cygdrive/g/Work/Eclipse_CDT_workspace/MyDataStructureAlgorithm/build/release/libcommon.a(module.o)
 .xdata         0x0000000100407090        0x8 /cygdrive/g/Work/Eclipse_CDT_workspace/MyDataStructureAlgorithm/build/release/libcommon.a(error.o)
 .xdata         0x0000000100407098       0x44 /cygdrive/g/Work/Eclipse_CDT_workspace/MyDataStructureAlgorithm/build/release/libcommon.a(dll.o)
 .xdata         0x00000001004070dc        0x8 /usr/lib/gcc/x86_64-pc-cygwin/4.8.3/../../../../lib/libcygwin.a(cygwin_crt0.o)
 .xdata         0x00000001004070e4        0x4 /usr/lib/gcc/x86_64-pc-cygwin/4.8.3/../../../../lib/libcygwin.a(premain0.o)
 .xdata         0x00000001004070e8        0x4 /usr/lib/gcc/x86_64-pc-cygwin/4.8.3/../../../../lib/libcygwin.a(premain1.o)
 .xdata         0x00000001004070ec        0x4 /usr/lib/gcc/x86_64-pc-cygwin/4.8.3/../../../../lib/libcygwin.a(premain2.o)
 .xdata         0x00000001004070f0        0x4 /usr/lib/gcc/x86_64-pc-cygwin/4.8.3/../../../../lib/libcygwin.a(premain3.o)
 .xdata         0x00000001004070f4       0x10 /usr/lib/gcc/x86_64-pc-cygwin/4.8.3/../../../../lib/libcygwin.a(_cygwin_crt0_common.o)
 .xdata         0x0000000100407104       0x10 /usr/lib/gcc/x86_64-pc-cygwin/4.8.3/../../../../lib/libcygwin.a(dll_entry.o)
 .xdata         0x0000000100407114        0x4 /usr/lib/gcc/x86_64-pc-cygwin/4.8.3/../../../../lib/libcygwin.a(pseudo-reloc-dummy.o)
 .xdata         0x0000000100407118        0x4 /usr/lib/gcc/x86_64-pc-cygwin/4.8.3/../../../../lib/libcygwin.a(dll_main.o)
 .xdata         0x000000010040711c        0x8 /usr/lib/gcc/x86_64-pc-cygwin/4.8.3/../../../../lib/libcygwin.a(cygwin_attach_dll.o)
 .xdata.startup
                0x0000000100407124        0x8 /usr/lib/gcc/x86_64-pc-cygwin/4.8.3/crtend.o

.bss            0x0000000100408000      0x860
                0x0000000100408000                __bss_start__ = .
 *(.bss)
 .bss           0x0000000100408000        0x0 /usr/lib/gcc/x86_64-pc-cygwin/4.8.3/../../../../lib/crt0.o
 .bss           0x0000000100408000        0x0 /usr/lib/gcc/x86_64-pc-cygwin/4.8.3/crtbegin.o
 .bss           0x0000000100408000        0x0 robjs/main.o
 .bss           0x0000000100408000      0x540 /cygdrive/g/Work/Eclipse_CDT_workspace/MyDataStructureAlgorithm/build/release/libcommon.a(module.o)
 .bss           0x0000000100408540      0x160 /cygdrive/g/Work/Eclipse_CDT_workspace/MyDataStructureAlgorithm/build/release/libcommon.a(error.o)
 .bss           0x00000001004086a0        0x0 /cygdrive/g/Work/Eclipse_CDT_workspace/MyDataStructureAlgorithm/build/release/libcommon.a(dll.o)
 .bss           0x00000001004086a0        0x0 /usr/lib/gcc/x86_64-pc-cygwin/4.8.3/../../../../lib/libcygwin.a(cygwin_crt0.o)
 .bss           0x00000001004086a0        0x0 /usr/lib/gcc/x86_64-pc-cygwin/4.8.3/../../../../lib/libcygwin.a(premain0.o)
 .bss           0x00000001004086a0        0x0 /usr/lib/gcc/x86_64-pc-cygwin/4.8.3/../../../../lib/libcygwin.a(premain1.o)
 .bss           0x00000001004086a0        0x0 /usr/lib/gcc/x86_64-pc-cygwin/4.8.3/../../../../lib/libcygwin.a(premain2.o)
 .bss           0x00000001004086a0        0x0 /usr/lib/gcc/x86_64-pc-cygwin/4.8.3/../../../../lib/libcygwin.a(premain3.o)
 .bss           0x00000001004086a0       0x10 /usr/lib/gcc/x86_64-pc-cygwin/4.8.3/../../../../lib/libcygwin.a(_cygwin_crt0_common.o)
                0x00000001004086a0                _fmode
 .bss           0x00000001004086b0       0x30 /usr/lib/gcc/x86_64-pc-cygwin/4.8.3/../../../../lib/libcygwin.a(dll_entry.o)
                0x00000001004086b0                __dynamically_loaded
 .bss           0x00000001004086e0        0x0 /usr/lib/gcc/x86_64-pc-cygwin/4.8.3/../../../../lib/libcygwin.a(pseudo-reloc-dummy.o)
 .bss           0x00000001004086e0        0x0 /usr/lib/gcc/x86_64-pc-cygwin/4.8.3/../../../../lib/libcygwin.a(dll_main.o)
 .bss           0x00000001004086e0      0x160 /usr/lib/gcc/x86_64-pc-cygwin/4.8.3/../../../../lib/libcygwin.a(cygwin_attach_dll.o)
 .bss           0x0000000100408840        0x0 /usr/lib/w32api/libkernel32.a(dolks00548.o)
 .bss           0x0000000100408840        0x0 /usr/lib/w32api/libkernel32.a(dolks00598.o)
 .bss           0x0000000100408840        0x0 /usr/lib/w32api/libkernel32.a(dolkh.o)
 .bss           0x0000000100408840        0x0 /usr/lib/w32api/libkernel32.a(dolkt.o)
 .bss           0x0000000100408840        0x0 /usr/lib/gcc/x86_64-pc-cygwin/4.8.3/libgcc.a(_ctors.o)
 .bss           0x0000000100408840        0x0 /usr/lib/gcc/x86_64-pc-cygwin/4.8.3/crtend.o
 *(COMMON)
 COMMON         0x0000000100408840       0x20 /usr/lib/gcc/x86_64-pc-cygwin/4.8.3/libgcc.a(_ctors.o)
                0x0000000100408860                __bss_end__ = .

.edata
 *(.edata)

/DISCARD/
 *(.debug$S)
 *(.debug$T)
 *(.debug$F)
 *(.drectve)
 *(.note.GNU-stack)
 *(.gnu.lto_*)

.idata          0x0000000100409000      0x400
 SORT(*)(.idata$2)
 .idata$2       0x0000000100409000       0x14 /usr/lib/gcc/x86_64-pc-cygwin/4.8.3/../../../../lib/libcygwin.a(d000000.o)
                0x0000000100409000                _head_cygwin1_dll
 .idata$2       0x0000000100409014       0x14 /usr/lib/w32api/libkernel32.a(dolkh.o)
                0x0000000100409014                _head_lib64_libkernel32_a
 SORT(*)(.idata$3)
                0x0000000100409028        0x4 LONG 0x0
                0x000000010040902c        0x4 LONG 0x0
                0x0000000100409030        0x4 LONG 0x0
                0x0000000100409034        0x4 LONG 0x0
                0x0000000100409038        0x4 LONG 0x0
 SORT(*)(.idata$4)
 .idata$4       0x000000010040903c        0x0 /usr/lib/gcc/x86_64-pc-cygwin/4.8.3/../../../../lib/libcygwin.a(d000000.o)
 .idata$4       0x000000010040903c        0x8 /usr/lib/gcc/x86_64-pc-cygwin/4.8.3/../../../../lib/libcygwin.a(d000031.o)
 .idata$4       0x0000000100409044        0x8 /usr/lib/gcc/x86_64-pc-cygwin/4.8.3/../../../../lib/libcygwin.a(d000073.o)
 .idata$4       0x000000010040904c        0x8 /usr/lib/gcc/x86_64-pc-cygwin/4.8.3/../../../../lib/libcygwin.a(d000078.o)
 .idata$4       0x0000000100409054        0x8 /usr/lib/gcc/x86_64-pc-cygwin/4.8.3/../../../../lib/libcygwin.a(d000141.o)
 .idata$4       0x000000010040905c        0x8 /usr/lib/gcc/x86_64-pc-cygwin/4.8.3/../../../../lib/libcygwin.a(d000162.o)
 .idata$4       0x0000000100409064        0x8 /usr/lib/gcc/x86_64-pc-cygwin/4.8.3/../../../../lib/libcygwin.a(d000246.o)
 .idata$4       0x000000010040906c        0x8 /usr/lib/gcc/x86_64-pc-cygwin/4.8.3/../../../../lib/libcygwin.a(d000248.o)
 .idata$4       0x0000000100409074        0x8 /usr/lib/gcc/x86_64-pc-cygwin/4.8.3/../../../../lib/libcygwin.a(d000265.o)
 .idata$4       0x000000010040907c        0x8 /usr/lib/gcc/x86_64-pc-cygwin/4.8.3/../../../../lib/libcygwin.a(d000406.o)
 .idata$4       0x0000000100409084        0x8 /usr/lib/gcc/x86_64-pc-cygwin/4.8.3/../../../../lib/libcygwin.a(d000682.o)
 .idata$4       0x000000010040908c        0x8 /usr/lib/gcc/x86_64-pc-cygwin/4.8.3/../../../../lib/libcygwin.a(d000780.o)
 .idata$4       0x0000000100409094        0x8 /usr/lib/gcc/x86_64-pc-cygwin/4.8.3/../../../../lib/libcygwin.a(d000917.o)
 .idata$4       0x000000010040909c        0x8 /usr/lib/gcc/x86_64-pc-cygwin/4.8.3/../../../../lib/libcygwin.a(d000938.o)
 .idata$4       0x00000001004090a4        0x8 /usr/lib/gcc/x86_64-pc-cygwin/4.8.3/../../../../lib/libcygwin.a(d001254.o)
 .idata$4       0x00000001004090ac        0x8 /usr/lib/gcc/x86_64-pc-cygwin/4.8.3/../../../../lib/libcygwin.a(d001379.o)
 .idata$4       0x00000001004090b4        0x0 /usr/lib/w32api/libkernel32.a(dolkh.o)
 .idata$4       0x00000001004090b4        0x8 /usr/lib/w32api/libkernel32.a(dolks00548.o)
 .idata$4       0x00000001004090bc        0x8 /usr/lib/w32api/libkernel32.a(dolks00598.o)
 .idata$4       0x00000001004090c4        0x8 /usr/lib/w32api/libkernel32.a(dolkt.o)
                0x00000001004090cc                __IAT_start__ = .
 SORT(*)(.idata$5)
 .idata$5       0x00000001004090cc        0x0 /usr/lib/gcc/x86_64-pc-cygwin/4.8.3/../../../../lib/libcygwin.a(d000000.o)
 .idata$5       0x00000001004090cc        0x8 /usr/lib/gcc/x86_64-pc-cygwin/4.8.3/../../../../lib/libcygwin.a(d000031.o)
                0x00000001004090cc                __imp___main
 .idata$5       0x00000001004090d4        0x8 /usr/lib/gcc/x86_64-pc-cygwin/4.8.3/../../../../lib/libcygwin.a(d000073.o)
                0x00000001004090d4                __imp__dll_crt0
 .idata$5       0x00000001004090dc        0x8 /usr/lib/gcc/x86_64-pc-cygwin/4.8.3/../../../../lib/libcygwin.a(d000078.o)
                0x00000001004090dc                __imp__impure_ptr
 .idata$5       0x00000001004090e4        0x8 /usr/lib/gcc/x86_64-pc-cygwin/4.8.3/../../../../lib/libcygwin.a(d000141.o)
                0x00000001004090e4                __imp_atexit
 .idata$5       0x00000001004090ec        0x8 /usr/lib/gcc/x86_64-pc-cygwin/4.8.3/../../../../lib/libcygwin.a(d000162.o)
                0x00000001004090ec                __imp_calloc
 .idata$5       0x00000001004090f4        0x8 /usr/lib/gcc/x86_64-pc-cygwin/4.8.3/../../../../lib/libcygwin.a(d000246.o)
                0x00000001004090f4                __imp_cygwin_detach_dll
 .idata$5       0x00000001004090fc        0x8 /usr/lib/gcc/x86_64-pc-cygwin/4.8.3/../../../../lib/libcygwin.a(d000248.o)
                0x00000001004090fc                __imp_cygwin_internal
 .idata$5       0x0000000100409104        0x8 /usr/lib/gcc/x86_64-pc-cygwin/4.8.3/../../../../lib/libcygwin.a(d000265.o)
                0x0000000100409104                __imp_dll_dllcrt0
 .idata$5       0x000000010040910c        0x8 /usr/lib/gcc/x86_64-pc-cygwin/4.8.3/../../../../lib/libcygwin.a(d000406.o)
                0x000000010040910c                __imp_free
 .idata$5       0x0000000100409114        0x8 /usr/lib/gcc/x86_64-pc-cygwin/4.8.3/../../../../lib/libcygwin.a(d000682.o)
                0x0000000100409114                __imp_malloc
 .idata$5       0x000000010040911c        0x8 /usr/lib/gcc/x86_64-pc-cygwin/4.8.3/../../../../lib/libcygwin.a(d000780.o)
                0x000000010040911c                __imp_posix_memalign
 .idata$5       0x0000000100409124        0x8 /usr/lib/gcc/x86_64-pc-cygwin/4.8.3/../../../../lib/libcygwin.a(d000917.o)
                0x0000000100409124                __imp_puts
 .idata$5       0x000000010040912c        0x8 /usr/lib/gcc/x86_64-pc-cygwin/4.8.3/../../../../lib/libcygwin.a(d000938.o)
                0x000000010040912c                __imp_realloc
 .idata$5       0x0000000100409134        0x8 /usr/lib/gcc/x86_64-pc-cygwin/4.8.3/../../../../lib/libcygwin.a(d001254.o)
                0x0000000100409134                __imp_vprintf
 .idata$5       0x000000010040913c        0x8 /usr/lib/gcc/x86_64-pc-cygwin/4.8.3/../../../../lib/libcygwin.a(d001379.o)
 .idata$5       0x0000000100409144        0x0 /usr/lib/w32api/libkernel32.a(dolkh.o)
 .idata$5       0x0000000100409144        0x8 /usr/lib/w32api/libkernel32.a(dolks00548.o)
                0x0000000100409144                __imp_GetModuleHandleA
 .idata$5       0x000000010040914c        0x8 /usr/lib/w32api/libkernel32.a(dolks00598.o)
                0x000000010040914c                __imp_GetProcAddress
 .idata$5       0x0000000100409154        0x8 /usr/lib/w32api/libkernel32.a(dolkt.o)
                0x000000010040915c                __IAT_end__ = .
 SORT(*)(.idata$6)
 .idata$6       0x000000010040915c        0xc /usr/lib/gcc/x86_64-pc-cygwin/4.8.3/../../../../lib/libcygwin.a(d000031.o)
 .idata$6       0x0000000100409168        0xc /usr/lib/gcc/x86_64-pc-cygwin/4.8.3/../../../../lib/libcygwin.a(d000073.o)
 .idata$6       0x0000000100409174       0x10 /usr/lib/gcc/x86_64-pc-cygwin/4.8.3/../../../../lib/libcygwin.a(d000078.o)
                0x0000000100409174                __nm__impure_ptr
 .idata$6       0x0000000100409184        0xc /usr/lib/gcc/x86_64-pc-cygwin/4.8.3/../../../../lib/libcygwin.a(d000141.o)
 .idata$6       0x0000000100409190        0xc /usr/lib/gcc/x86_64-pc-cygwin/4.8.3/../../../../lib/libcygwin.a(d000162.o)
 .idata$6       0x000000010040919c       0x14 /usr/lib/gcc/x86_64-pc-cygwin/4.8.3/../../../../lib/libcygwin.a(d000246.o)
 .idata$6       0x00000001004091b0       0x14 /usr/lib/gcc/x86_64-pc-cygwin/4.8.3/../../../../lib/libcygwin.a(d000248.o)
 .idata$6       0x00000001004091c4       0x10 /usr/lib/gcc/x86_64-pc-cygwin/4.8.3/../../../../lib/libcygwin.a(d000265.o)
 .idata$6       0x00000001004091d4        0x8 /usr/lib/gcc/x86_64-pc-cygwin/4.8.3/../../../../lib/libcygwin.a(d000406.o)
 .idata$6       0x00000001004091dc        0xc /usr/lib/gcc/x86_64-pc-cygwin/4.8.3/../../../../lib/libcygwin.a(d000682.o)
 .idata$6       0x00000001004091e8       0x14 /usr/lib/gcc/x86_64-pc-cygwin/4.8.3/../../../../lib/libcygwin.a(d000780.o)
 .idata$6       0x00000001004091fc        0x8 /usr/lib/gcc/x86_64-pc-cygwin/4.8.3/../../../../lib/libcygwin.a(d000917.o)
 .idata$6       0x0000000100409204        0xc /usr/lib/gcc/x86_64-pc-cygwin/4.8.3/../../../../lib/libcygwin.a(d000938.o)
 .idata$6       0x0000000100409210        0xc /usr/lib/gcc/x86_64-pc-cygwin/4.8.3/../../../../lib/libcygwin.a(d001254.o)
 .idata$6       0x000000010040921c       0x14 /usr/lib/w32api/libkernel32.a(dolks00548.o)
 .idata$6       0x0000000100409230       0x12 /usr/lib/w32api/libkernel32.a(dolks00598.o)
 SORT(*)(.idata$7)
 *fill*         0x0000000100409242        0x2 
 .idata$7       0x0000000100409244        0x4 /usr/lib/gcc/x86_64-pc-cygwin/4.8.3/../../../../lib/libcygwin.a(d000031.o)
 .idata$7       0x0000000100409248        0x4 /usr/lib/gcc/x86_64-pc-cygwin/4.8.3/../../../../lib/libcygwin.a(d000073.o)
 .idata$7       0x000000010040924c        0x4 /usr/lib/gcc/x86_64-pc-cygwin/4.8.3/../../../../lib/libcygwin.a(d000078.o)
 .idata$7       0x0000000100409250        0x4 /usr/lib/gcc/x86_64-pc-cygwin/4.8.3/../../../../lib/libcygwin.a(d000141.o)
 .idata$7       0x0000000100409254        0x4 /usr/lib/gcc/x86_64-pc-cygwin/4.8.3/../../../../lib/libcygwin.a(d000162.o)
 .idata$7       0x0000000100409258        0x4 /usr/lib/gcc/x86_64-pc-cygwin/4.8.3/../../../../lib/libcygwin.a(d000246.o)
 .idata$7       0x000000010040925c        0x4 /usr/lib/gcc/x86_64-pc-cygwin/4.8.3/../../../../lib/libcygwin.a(d000248.o)
 .idata$7       0x0000000100409260        0x4 /usr/lib/gcc/x86_64-pc-cygwin/4.8.3/../../../../lib/libcygwin.a(d000265.o)
 .idata$7       0x0000000100409264        0x4 /usr/lib/gcc/x86_64-pc-cygwin/4.8.3/../../../../lib/libcygwin.a(d000406.o)
 .idata$7       0x0000000100409268        0x4 /usr/lib/gcc/x86_64-pc-cygwin/4.8.3/../../../../lib/libcygwin.a(d000682.o)
 .idata$7       0x000000010040926c        0x4 /usr/lib/gcc/x86_64-pc-cygwin/4.8.3/../../../../lib/libcygwin.a(d000780.o)
 .idata$7       0x0000000100409270        0x4 /usr/lib/gcc/x86_64-pc-cygwin/4.8.3/../../../../lib/libcygwin.a(d000917.o)
 .idata$7       0x0000000100409274        0x4 /usr/lib/gcc/x86_64-pc-cygwin/4.8.3/../../../../lib/libcygwin.a(d000938.o)
 .idata$7       0x0000000100409278        0x4 /usr/lib/gcc/x86_64-pc-cygwin/4.8.3/../../../../lib/libcygwin.a(d001254.o)
 .idata$7       0x000000010040927c        0xc /usr/lib/gcc/x86_64-pc-cygwin/4.8.3/../../../../lib/libcygwin.a(d001379.o)
                0x000000010040927c                cygwin1_dll_iname
 .idata$7       0x0000000100409288        0x4 /usr/lib/w32api/libkernel32.a(dolks00548.o)
 .idata$7       0x000000010040928c        0x4 /usr/lib/w32api/libkernel32.a(dolks00598.o)
 .idata$7       0x0000000100409290       0x10 /usr/lib/w32api/libkernel32.a(dolkt.o)
                0x0000000100409290                __lib64_libkernel32_a_iname

.CRT            0x000000010040a000        0x0
                0x000000010040a000                ___crt_xc_start__ = .
 *(SORT(.CRT$XC*))
                0x000000010040a000                ___crt_xc_end__ = .
                0x000000010040a000                ___crt_xi_start__ = .
 *(SORT(.CRT$XI*))
                0x000000010040a000                ___crt_xi_end__ = .
                0x000000010040a000                ___crt_xl_start__ = .
 *(SORT(.CRT$XL*))
                0x000000010040a000                ___crt_xp_start__ = .
 *(SORT(.CRT$XP*))
                0x000000010040a000                ___crt_xp_end__ = .
                0x000000010040a000                ___crt_xt_start__ = .
 *(SORT(.CRT$XT*))
                0x000000010040a000                ___crt_xt_end__ = .

.tls            0x000000010040a000        0x0
                0x000000010040a000                ___tls_start__ = .
 *(.tls$AAA)
 *(.tls)
 *(.tls$)
 *(SORT(.tls$*))
 *(.tls$ZZZ)
                0x000000010040a000                ___tls_end__ = .

.endjunk        0x000000010040a000        0x0
                0x000000010040a000                PROVIDE (end, .)
                0x000000010040a000                PROVIDE (_end, .)
                0x000000010040a000                __end__ = .

.rsrc           0x000000010040a000      0x600
 *(.rsrc)
 .rsrc          0x000000010040a000      0x460 /usr/lib/gcc/x86_64-pc-cygwin/4.8.3/../../../../lib/default-manifest.o
 *(.rsrc$*)

.reloc
 *(.reloc)

.stab
 *(.stab)

.stabstr
 *(.stabstr)

.debug_aranges  0x000000010040b000      0x400
 *(.debug_aranges)
 .debug_aranges
                0x000000010040b000       0x30 /usr/lib/gcc/x86_64-pc-cygwin/4.8.3/../../../../lib/crt0.o
 .debug_aranges
                0x000000010040b030       0x40 robjs/main.o
 .debug_aranges
                0x000000010040b070       0x30 /cygdrive/g/Work/Eclipse_CDT_workspace/MyDataStructureAlgorithm/build/release/libcommon.a(module.o)
 .debug_aranges
                0x000000010040b0a0       0x30 /cygdrive/g/Work/Eclipse_CDT_workspace/MyDataStructureAlgorithm/build/release/libcommon.a(error.o)
 .debug_aranges
                0x000000010040b0d0       0x30 /cygdrive/g/Work/Eclipse_CDT_workspace/MyDataStructureAlgorithm/build/release/libcommon.a(dll.o)
 .debug_aranges
                0x000000010040b100       0x30 /usr/lib/gcc/x86_64-pc-cygwin/4.8.3/../../../../lib/libcygwin.a(cygwin_crt0.o)
 .debug_aranges
                0x000000010040b130       0x30 /usr/lib/gcc/x86_64-pc-cygwin/4.8.3/../../../../lib/libcygwin.a(premain0.o)
 .debug_aranges
                0x000000010040b160       0x30 /usr/lib/gcc/x86_64-pc-cygwin/4.8.3/../../../../lib/libcygwin.a(premain1.o)
 .debug_aranges
                0x000000010040b190       0x30 /usr/lib/gcc/x86_64-pc-cygwin/4.8.3/../../../../lib/libcygwin.a(premain2.o)
 .debug_aranges
                0x000000010040b1c0       0x30 /usr/lib/gcc/x86_64-pc-cygwin/4.8.3/../../../../lib/libcygwin.a(premain3.o)
 .debug_aranges
                0x000000010040b1f0       0x30 /usr/lib/gcc/x86_64-pc-cygwin/4.8.3/../../../../lib/libcygwin.a(_cygwin_crt0_common.o)
 .debug_aranges
                0x000000010040b220       0x30 /usr/lib/gcc/x86_64-pc-cygwin/4.8.3/../../../../lib/libcygwin.a(dll_entry.o)
 .debug_aranges
                0x000000010040b250       0x30 /usr/lib/gcc/x86_64-pc-cygwin/4.8.3/../../../../lib/libcygwin.a(pseudo-reloc-dummy.o)
 .debug_aranges
                0x000000010040b280       0x30 /usr/lib/gcc/x86_64-pc-cygwin/4.8.3/../../../../lib/libcygwin.a(dll_main.o)
 .debug_aranges
                0x000000010040b2b0       0x30 /usr/lib/gcc/x86_64-pc-cygwin/4.8.3/../../../../lib/libcygwin.a(cygwin_attach_dll.o)
 .debug_aranges
                0x000000010040b2e0       0x20 /usr/lib/gcc/x86_64-pc-cygwin/4.8.3/libgcc.a(_ctors.o)

.zdebug_aranges
 *(.zdebug_aranges)

.debug_pubnames
 *(.debug_pubnames)

.zdebug_pubnames
 *(.zdebug_pubnames)

.debug_pubtypes
 *(.debug_pubtypes)

.zdebug_pubtypes
 *(.zdebug_pubtypes)

.debug_info     0x000000010040c000     0x9600
 *(.debug_info .gnu.linkonce.wi.*)
 .debug_info    0x000000010040c000     0x12da /usr/lib/gcc/x86_64-pc-cygwin/4.8.3/../../../../lib/crt0.o
 .debug_info    0x000000010040d2da      0xa06 robjs/main.o
 .debug_info    0x000000010040dce0      0xea0 /cygdrive/g/Work/Eclipse_CDT_workspace/MyDataStructureAlgorithm/build/release/libcommon.a(module.o)
 .debug_info    0x000000010040eb80      0x523 /cygdrive/g/Work/Eclipse_CDT_workspace/MyDataStructureAlgorithm/build/release/libcommon.a(error.o)
 .debug_info    0x000000010040f0a3      0x6f1 /cygdrive/g/Work/Eclipse_CDT_workspace/MyDataStructureAlgorithm/build/release/libcommon.a(dll.o)
 .debug_info    0x000000010040f794      0x38b /usr/lib/gcc/x86_64-pc-cygwin/4.8.3/../../../../lib/libcygwin.a(cygwin_crt0.o)
 .debug_info    0x000000010040fb1f      0x257 /usr/lib/gcc/x86_64-pc-cygwin/4.8.3/../../../../lib/libcygwin.a(premain0.o)
 .debug_info    0x000000010040fd76      0x257 /usr/lib/gcc/x86_64-pc-cygwin/4.8.3/../../../../lib/libcygwin.a(premain1.o)
 .debug_info    0x000000010040ffcd      0x257 /usr/lib/gcc/x86_64-pc-cygwin/4.8.3/../../../../lib/libcygwin.a(premain2.o)
 .debug_info    0x0000000100410224      0x257 /usr/lib/gcc/x86_64-pc-cygwin/4.8.3/../../../../lib/libcygwin.a(premain3.o)
 .debug_info    0x000000010041047b     0x22c2 /usr/lib/gcc/x86_64-pc-cygwin/4.8.3/../../../../lib/libcygwin.a(_cygwin_crt0_common.o)
 .debug_info    0x000000010041273d      0x8ff /usr/lib/gcc/x86_64-pc-cygwin/4.8.3/../../../../lib/libcygwin.a(dll_entry.o)
 .debug_info    0x000000010041303c      0x22f /usr/lib/gcc/x86_64-pc-cygwin/4.8.3/../../../../lib/libcygwin.a(pseudo-reloc-dummy.o)
 .debug_info    0x000000010041326b      0x3b6 /usr/lib/gcc/x86_64-pc-cygwin/4.8.3/../../../../lib/libcygwin.a(dll_main.o)
 .debug_info    0x0000000100413621     0x125b /usr/lib/gcc/x86_64-pc-cygwin/4.8.3/../../../../lib/libcygwin.a(cygwin_attach_dll.o)
 .debug_info    0x000000010041487c      0xc9b /usr/lib/gcc/x86_64-pc-cygwin/4.8.3/libgcc.a(_ctors.o)

.zdebug_info
 *(.zdebug_info .zdebug.gnu.linkonce.wi.*)

.debug_abbrev   0x0000000100416000     0x1400
 *(.debug_abbrev)
 .debug_abbrev  0x0000000100416000      0x1fb /usr/lib/gcc/x86_64-pc-cygwin/4.8.3/../../../../lib/crt0.o
 .debug_abbrev  0x00000001004161fb      0x1ca robjs/main.o
 .debug_abbrev  0x00000001004163c5      0x218 /cygdrive/g/Work/Eclipse_CDT_workspace/MyDataStructureAlgorithm/build/release/libcommon.a(module.o)
 .debug_abbrev  0x00000001004165dd      0x118 /cygdrive/g/Work/Eclipse_CDT_workspace/MyDataStructureAlgorithm/build/release/libcommon.a(error.o)
 .debug_abbrev  0x00000001004166f5      0x1bb /cygdrive/g/Work/Eclipse_CDT_workspace/MyDataStructureAlgorithm/build/release/libcommon.a(dll.o)
 .debug_abbrev  0x00000001004168b0       0xa3 /usr/lib/gcc/x86_64-pc-cygwin/4.8.3/../../../../lib/libcygwin.a(cygwin_crt0.o)
 .debug_abbrev  0x0000000100416953       0x4f /usr/lib/gcc/x86_64-pc-cygwin/4.8.3/../../../../lib/libcygwin.a(premain0.o)
 .debug_abbrev  0x00000001004169a2       0x4f /usr/lib/gcc/x86_64-pc-cygwin/4.8.3/../../../../lib/libcygwin.a(premain1.o)
 .debug_abbrev  0x00000001004169f1       0x4f /usr/lib/gcc/x86_64-pc-cygwin/4.8.3/../../../../lib/libcygwin.a(premain2.o)
 .debug_abbrev  0x0000000100416a40       0x4f /usr/lib/gcc/x86_64-pc-cygwin/4.8.3/../../../../lib/libcygwin.a(premain3.o)
 .debug_abbrev  0x0000000100416a8f      0x413 /usr/lib/gcc/x86_64-pc-cygwin/4.8.3/../../../../lib/libcygwin.a(_cygwin_crt0_common.o)
 .debug_abbrev  0x0000000100416ea2      0x19b /usr/lib/gcc/x86_64-pc-cygwin/4.8.3/../../../../lib/libcygwin.a(dll_entry.o)
 .debug_abbrev  0x000000010041703d       0x28 /usr/lib/gcc/x86_64-pc-cygwin/4.8.3/../../../../lib/libcygwin.a(pseudo-reloc-dummy.o)
 .debug_abbrev  0x0000000100417065       0x7f /usr/lib/gcc/x86_64-pc-cygwin/4.8.3/../../../../lib/libcygwin.a(dll_main.o)
 .debug_abbrev  0x00000001004170e4      0x205 /usr/lib/gcc/x86_64-pc-cygwin/4.8.3/../../../../lib/libcygwin.a(cygwin_attach_dll.o)
 .debug_abbrev  0x00000001004172e9       0x73 /usr/lib/gcc/x86_64-pc-cygwin/4.8.3/libgcc.a(_ctors.o)

.zdebug_abbrev
 *(.zdebug_abbrev)

.debug_line     0x0000000100418000     0x1600
 *(.debug_line)
 .debug_line    0x0000000100418000      0x235 /usr/lib/gcc/x86_64-pc-cygwin/4.8.3/../../../../lib/crt0.o
 .debug_line    0x0000000100418235      0x30d robjs/main.o
 .debug_line    0x0000000100418542      0x155 /cygdrive/g/Work/Eclipse_CDT_workspace/MyDataStructureAlgorithm/build/release/libcommon.a(module.o)
 .debug_line    0x0000000100418697      0x126 /cygdrive/g/Work/Eclipse_CDT_workspace/MyDataStructureAlgorithm/build/release/libcommon.a(error.o)
 .debug_line    0x00000001004187bd      0x177 /cygdrive/g/Work/Eclipse_CDT_workspace/MyDataStructureAlgorithm/build/release/libcommon.a(dll.o)
 .debug_line    0x0000000100418934       0x7e /usr/lib/gcc/x86_64-pc-cygwin/4.8.3/../../../../lib/libcygwin.a(cygwin_crt0.o)
 .debug_line    0x00000001004189b2       0x6f /usr/lib/gcc/x86_64-pc-cygwin/4.8.3/../../../../lib/libcygwin.a(premain0.o)
 .debug_line    0x0000000100418a21       0x6f /usr/lib/gcc/x86_64-pc-cygwin/4.8.3/../../../../lib/libcygwin.a(premain1.o)
 .debug_line    0x0000000100418a90       0x6f /usr/lib/gcc/x86_64-pc-cygwin/4.8.3/../../../../lib/libcygwin.a(premain2.o)
 .debug_line    0x0000000100418aff       0x6f /usr/lib/gcc/x86_64-pc-cygwin/4.8.3/../../../../lib/libcygwin.a(premain3.o)
 .debug_line    0x0000000100418b6e      0x4ac /usr/lib/gcc/x86_64-pc-cygwin/4.8.3/../../../../lib/libcygwin.a(_cygwin_crt0_common.o)
 .debug_line    0x000000010041901a      0x104 /usr/lib/gcc/x86_64-pc-cygwin/4.8.3/../../../../lib/libcygwin.a(dll_entry.o)
 .debug_line    0x000000010041911e       0x77 /usr/lib/gcc/x86_64-pc-cygwin/4.8.3/../../../../lib/libcygwin.a(pseudo-reloc-dummy.o)
 .debug_line    0x0000000100419195       0xb4 /usr/lib/gcc/x86_64-pc-cygwin/4.8.3/../../../../lib/libcygwin.a(dll_main.o)
 .debug_line    0x0000000100419249      0x24e /usr/lib/gcc/x86_64-pc-cygwin/4.8.3/../../../../lib/libcygwin.a(cygwin_attach_dll.o)
 .debug_line    0x0000000100419497       0x9a /usr/lib/gcc/x86_64-pc-cygwin/4.8.3/libgcc.a(_ctors.o)

.zdebug_line
 *(.zdebug_line)

.debug_frame    0x000000010041a000      0x800
 *(.debug_frame)
 .debug_frame   0x000000010041a000       0x38 /usr/lib/gcc/x86_64-pc-cygwin/4.8.3/../../../../lib/crt0.o
 .debug_frame   0x000000010041a038       0xe8 robjs/main.o
 .debug_frame   0x000000010041a120      0x180 /cygdrive/g/Work/Eclipse_CDT_workspace/MyDataStructureAlgorithm/build/release/libcommon.a(module.o)
 .debug_frame   0x000000010041a2a0       0x48 /cygdrive/g/Work/Eclipse_CDT_workspace/MyDataStructureAlgorithm/build/release/libcommon.a(error.o)
 .debug_frame   0x000000010041a2e8      0x1a0 /cygdrive/g/Work/Eclipse_CDT_workspace/MyDataStructureAlgorithm/build/release/libcommon.a(dll.o)
 .debug_frame   0x000000010041a488       0x38 /usr/lib/gcc/x86_64-pc-cygwin/4.8.3/../../../../lib/libcygwin.a(cygwin_crt0.o)
 .debug_frame   0x000000010041a4c0       0x30 /usr/lib/gcc/x86_64-pc-cygwin/4.8.3/../../../../lib/libcygwin.a(premain0.o)
 .debug_frame   0x000000010041a4f0       0x30 /usr/lib/gcc/x86_64-pc-cygwin/4.8.3/../../../../lib/libcygwin.a(premain1.o)
 .debug_frame   0x000000010041a520       0x30 /usr/lib/gcc/x86_64-pc-cygwin/4.8.3/../../../../lib/libcygwin.a(premain2.o)
 .debug_frame   0x000000010041a550       0x30 /usr/lib/gcc/x86_64-pc-cygwin/4.8.3/../../../../lib/libcygwin.a(premain3.o)
 .debug_frame   0x000000010041a580       0x50 /usr/lib/gcc/x86_64-pc-cygwin/4.8.3/../../../../lib/libcygwin.a(_cygwin_crt0_common.o)
 .debug_frame   0x000000010041a5d0       0x80 /usr/lib/gcc/x86_64-pc-cygwin/4.8.3/../../../../lib/libcygwin.a(dll_entry.o)
 .debug_frame   0x000000010041a650       0x30 /usr/lib/gcc/x86_64-pc-cygwin/4.8.3/../../../../lib/libcygwin.a(pseudo-reloc-dummy.o)
 .debug_frame   0x000000010041a680       0x30 /usr/lib/gcc/x86_64-pc-cygwin/4.8.3/../../../../lib/libcygwin.a(dll_main.o)
 .debug_frame   0x000000010041a6b0       0x40 /usr/lib/gcc/x86_64-pc-cygwin/4.8.3/../../../../lib/libcygwin.a(cygwin_attach_dll.o)

.zdebug_frame
 *(.zdebug_frame)

.debug_str      0x000000010041b000      0x200
 *(.debug_str)
 .debug_str     0x000000010041b000        0xe /usr/lib/gcc/x86_64-pc-cygwin/4.8.3/../../../../lib/crt0.o
 .debug_str     0x000000010041b00e        0x0 robjs/main.o
 .debug_str     0x000000010041b00e       0x34 /cygdrive/g/Work/Eclipse_CDT_workspace/MyDataStructureAlgorithm/build/release/libcommon.a(module.o)
 .debug_str     0x000000010041b042        0x0 /cygdrive/g/Work/Eclipse_CDT_workspace/MyDataStructureAlgorithm/build/release/libcommon.a(error.o)
 .debug_str     0x000000010041b042       0x22 /cygdrive/g/Work/Eclipse_CDT_workspace/MyDataStructureAlgorithm/build/release/libcommon.a(dll.o)
 .debug_str     0x000000010041b064        0x0 /usr/lib/gcc/x86_64-pc-cygwin/4.8.3/../../../../lib/libcygwin.a(cygwin_crt0.o)
 .debug_str     0x000000010041b064        0x0 /usr/lib/gcc/x86_64-pc-cygwin/4.8.3/../../../../lib/libcygwin.a(premain0.o)
 .debug_str     0x000000010041b064        0x0 /usr/lib/gcc/x86_64-pc-cygwin/4.8.3/../../../../lib/libcygwin.a(premain1.o)
 .debug_str     0x000000010041b064        0x0 /usr/lib/gcc/x86_64-pc-cygwin/4.8.3/../../../../lib/libcygwin.a(premain2.o)
 .debug_str     0x000000010041b064        0x0 /usr/lib/gcc/x86_64-pc-cygwin/4.8.3/../../../../lib/libcygwin.a(premain3.o)
 .debug_str     0x000000010041b064       0x27 /usr/lib/gcc/x86_64-pc-cygwin/4.8.3/../../../../lib/libcygwin.a(_cygwin_crt0_common.o)
 .debug_str     0x000000010041b08b        0x0 /usr/lib/gcc/x86_64-pc-cygwin/4.8.3/../../../../lib/libcygwin.a(dll_entry.o)
 .debug_str     0x000000010041b08b        0x0 /usr/lib/gcc/x86_64-pc-cygwin/4.8.3/../../../../lib/libcygwin.a(pseudo-reloc-dummy.o)
 .debug_str     0x000000010041b08b        0x0 /usr/lib/gcc/x86_64-pc-cygwin/4.8.3/../../../../lib/libcygwin.a(dll_main.o)
 .debug_str     0x000000010041b08b        0xe /usr/lib/gcc/x86_64-pc-cygwin/4.8.3/../../../../lib/libcygwin.a(cygwin_attach_dll.o)
 .debug_str     0x000000010041b099        0x0 /usr/lib/gcc/x86_64-pc-cygwin/4.8.3/libgcc.a(_ctors.o)

.zdebug_str
 *(.zdebug_str)

.debug_loc      0x000000010041c000     0x2000
 *(.debug_loc)
 .debug_loc     0x000000010041c000      0x50c robjs/main.o
 .debug_loc     0x000000010041c50c      0xa51 /cygdrive/g/Work/Eclipse_CDT_workspace/MyDataStructureAlgorithm/build/release/libcommon.a(module.o)
 .debug_loc     0x000000010041cf5d      0x15e /cygdrive/g/Work/Eclipse_CDT_workspace/MyDataStructureAlgorithm/build/release/libcommon.a(error.o)
 .debug_loc     0x000000010041d0bb      0x82d /cygdrive/g/Work/Eclipse_CDT_workspace/MyDataStructureAlgorithm/build/release/libcommon.a(dll.o)
 .debug_loc     0x000000010041d8e8       0x39 /usr/lib/gcc/x86_64-pc-cygwin/4.8.3/../../../../lib/libcygwin.a(cygwin_crt0.o)
 .debug_loc     0x000000010041d921      0x169 /usr/lib/gcc/x86_64-pc-cygwin/4.8.3/../../../../lib/libcygwin.a(_cygwin_crt0_common.o)
 .debug_loc     0x000000010041da8a      0x486 /usr/lib/gcc/x86_64-pc-cygwin/4.8.3/../../../../lib/libcygwin.a(dll_entry.o)
 .debug_loc     0x000000010041df10       0xab /usr/lib/gcc/x86_64-pc-cygwin/4.8.3/../../../../lib/libcygwin.a(cygwin_attach_dll.o)

.zdebug_loc
 *(.zdebug_loc)

.debug_macinfo
 *(.debug_macinfo)

.zdebug_macinfo
 *(.zdebug_macinfo)

.debug_weaknames
 *(.debug_weaknames)

.zdebug_weaknames
 *(.zdebug_weaknames)

.debug_funcnames
 *(.debug_funcnames)

.zdebug_funcnames
 *(.zdebug_funcnames)

.debug_typenames
 *(.debug_typenames)

.zdebug_typenames
 *(.zdebug_typenames)

.debug_varnames
 *(.debug_varnames)

.zdebug_varnames
 *(.zdebug_varnames)

.debug_macro    0x000000010041e000     0xc600
 *(.debug_macro)
 .debug_macro   0x000000010041e000     0x6c58 robjs/main.o
 .debug_macro   0x0000000100424c58     0x1de4 /cygdrive/g/Work/Eclipse_CDT_workspace/MyDataStructureAlgorithm/build/release/libcommon.a(module.o)
 .debug_macro   0x0000000100426a3c     0x1ddd /cygdrive/g/Work/Eclipse_CDT_workspace/MyDataStructureAlgorithm/build/release/libcommon.a(error.o)
 .debug_macro   0x0000000100428819     0x1c4a /cygdrive/g/Work/Eclipse_CDT_workspace/MyDataStructureAlgorithm/build/release/libcommon.a(dll.o)

.zdebug_macro
 *(.zdebug_macro)

.debug_ranges   0x000000010042b000      0x200
 *(.debug_ranges)
 .debug_ranges  0x000000010042b000       0x90 robjs/main.o
 .debug_ranges  0x000000010042b090       0x30 /cygdrive/g/Work/Eclipse_CDT_workspace/MyDataStructureAlgorithm/build/release/libcommon.a(error.o)
 .debug_ranges  0x000000010042b0c0       0x30 /usr/lib/gcc/x86_64-pc-cygwin/4.8.3/../../../../lib/libcygwin.a(_cygwin_crt0_common.o)

.zdebug_ranges
 *(.zdebug_ranges)

.debug_types
 *(.debug_types .gnu.linkonce.wt.*)

.zdebug_types
 *(.zdebug_types .zdebug.gnu.linkonce.wt.*)
OUTPUT(/cygdrive/g/Work/Eclipse_CDT_workspace/MyDataStructureAlgorithm/build/release/module.exe pei-x86-64)
